// Jest Snapshot v1, https://goo.gl/fbAQLP

exports[`printErrors should print Listr nested errors 1`] = `
"
WARN 
WARN *********
WARN *********
WARN ['Listr is pushing error to stack:', {}]
WARN *********
WARN *********
WARN 
ERROR Foo failed
ERROR Unicorn failed"
`;

exports[`printErrors should print plain errors 1`] = `
"
ERROR We have a problem"
`;
